// Jest Snapshot v1, https://goo.gl/fbAQLP

exports[`renders homepage unchanged 1`] = `
<div
  className="container"
>
  <main
    className="main"
  >
    <style
      dangerouslySetInnerHTML={
        Object {
          "__html": ".css-16awh2u-MuiAutocomplete-root.Mui-focused .MuiAutocomplete-clearIndicator{visibility:visible;}@media (pointer: fine){.css-16awh2u-MuiAutocomplete-root:hover .MuiAutocomplete-clearIndicator{visibility:visible;}}.css-16awh2u-MuiAutocomplete-root .MuiAutocomplete-tag{margin:3px;max-width:calc(100% - 6px);}.css-16awh2u-MuiAutocomplete-root .MuiAutocomplete-inputRoot{-webkit-box-flex-wrap:wrap;-webkit-flex-wrap:wrap;-ms-flex-wrap:wrap;flex-wrap:wrap;}.MuiAutocomplete-hasPopupIcon.css-16awh2u-MuiAutocomplete-root .MuiAutocomplete-inputRoot,.MuiAutocomplete-hasClearIcon.css-16awh2u-MuiAutocomplete-root .MuiAutocomplete-inputRoot{padding-right:30px;}.MuiAutocomplete-hasPopupIcon.MuiAutocomplete-hasClearIcon.css-16awh2u-MuiAutocomplete-root .MuiAutocomplete-inputRoot{padding-right:56px;}.css-16awh2u-MuiAutocomplete-root .MuiAutocomplete-inputRoot .MuiAutocomplete-input{width:0;min-width:30px;}.css-16awh2u-MuiAutocomplete-root .MuiInput-root{padding-bottom:1px;}.css-16awh2u-MuiAutocomplete-root .MuiInput-root .MuiInput-input{padding:4px 4px 4px 0px;}.css-16awh2u-MuiAutocomplete-root .MuiInput-root.MuiInputBase-sizeSmall .MuiInput-input{padding:2px 4px 3px 0;}.css-16awh2u-MuiAutocomplete-root .MuiOutlinedInput-root{padding:9px;}.MuiAutocomplete-hasPopupIcon.css-16awh2u-MuiAutocomplete-root .MuiOutlinedInput-root,.MuiAutocomplete-hasClearIcon.css-16awh2u-MuiAutocomplete-root .MuiOutlinedInput-root{padding-right:39px;}.MuiAutocomplete-hasPopupIcon.MuiAutocomplete-hasClearIcon.css-16awh2u-MuiAutocomplete-root .MuiOutlinedInput-root{padding-right:65px;}.css-16awh2u-MuiAutocomplete-root .MuiOutlinedInput-root .MuiAutocomplete-input{padding:7.5px 4px 7.5px 6px;}.css-16awh2u-MuiAutocomplete-root .MuiOutlinedInput-root .MuiAutocomplete-endAdornment{right:9px;}.css-16awh2u-MuiAutocomplete-root .MuiOutlinedInput-root.MuiInputBase-sizeSmall{padding:6px;}.css-16awh2u-MuiAutocomplete-root .MuiOutlinedInput-root.MuiInputBase-sizeSmall .MuiAutocomplete-input{padding:2.5px 4px 2.5px 6px;}.css-16awh2u-MuiAutocomplete-root .MuiFilledInput-root{padding-top:19px;padding-left:8px;}.MuiAutocomplete-hasPopupIcon.css-16awh2u-MuiAutocomplete-root .MuiFilledInput-root,.MuiAutocomplete-hasClearIcon.css-16awh2u-MuiAutocomplete-root .MuiFilledInput-root{padding-right:39px;}.MuiAutocomplete-hasPopupIcon.MuiAutocomplete-hasClearIcon.css-16awh2u-MuiAutocomplete-root .MuiFilledInput-root{padding-right:65px;}.css-16awh2u-MuiAutocomplete-root .MuiFilledInput-root .MuiFilledInput-input{padding:7px 4px;}.css-16awh2u-MuiAutocomplete-root .MuiFilledInput-root .MuiAutocomplete-endAdornment{right:9px;}.css-16awh2u-MuiAutocomplete-root .MuiFilledInput-root.MuiInputBase-sizeSmall{padding-bottom:1px;}.css-16awh2u-MuiAutocomplete-root .MuiFilledInput-root.MuiInputBase-sizeSmall .MuiFilledInput-input{padding:2.5px 4px;}.css-16awh2u-MuiAutocomplete-root .MuiInputBase-hiddenLabel{padding-top:8px;}.css-16awh2u-MuiAutocomplete-root .MuiAutocomplete-input{-webkit-box-flex:1;-webkit-flex-grow:1;-ms-flex-positive:1;flex-grow:1;text-overflow:ellipsis;opacity:1;}",
        }
      }
      data-emotion="css 16awh2u-MuiAutocomplete-root"
    />
    <div
      aria-expanded={false}
      aria-owns={null}
      className="MuiAutocomplete-root MuiAutocomplete-hasPopupIcon css-16awh2u-MuiAutocomplete-root"
      onClick={[Function]}
      onKeyDown={[Function]}
      onMouseDown={[Function]}
      role="combobox"
      style={
        Object {
          "width": 400,
        }
      }
    >
      <style
        dangerouslySetInnerHTML={
          Object {
            "__html": ".css-wb57ya-MuiFormControl-root-MuiTextField-root{display:-webkit-inline-box;display:-webkit-inline-flex;display:-ms-inline-flexbox;display:inline-flex;-webkit-flex-direction:column;-ms-flex-direction:column;flex-direction:column;position:relative;min-width:0;padding:0;margin:0;border:0;vertical-align:top;width:100%;}",
          }
        }
        data-emotion="css wb57ya-MuiFormControl-root-MuiTextField-root"
      />
      <div
        className="MuiFormControl-root MuiFormControl-fullWidth MuiTextField-root css-wb57ya-MuiFormControl-root-MuiTextField-root"
      >
        <style
          dangerouslySetInnerHTML={
            Object {
              "__html": ".css-1x92c1k-MuiInputLabel-root{display:block;transform-origin:top left;white-space:nowrap;overflow:hidden;text-overflow:ellipsis;max-width:calc(100% - 24px);position:absolute;left:0;top:0;-webkit-transform:translate(14px, 16px) scale(1);-moz-transform:translate(14px, 16px) scale(1);-ms-transform:translate(14px, 16px) scale(1);transform:translate(14px, 16px) scale(1);-webkit-transition:color 200ms cubic-bezier(0.0, 0, 0.2, 1) 0ms,-webkit-transform 200ms cubic-bezier(0.0, 0, 0.2, 1) 0ms,max-width 200ms cubic-bezier(0.0, 0, 0.2, 1) 0ms;transition:color 200ms cubic-bezier(0.0, 0, 0.2, 1) 0ms,transform 200ms cubic-bezier(0.0, 0, 0.2, 1) 0ms,max-width 200ms cubic-bezier(0.0, 0, 0.2, 1) 0ms;z-index:1;pointer-events:none;}",
            }
          }
          data-emotion="css 1x92c1k-MuiInputLabel-root"
        />
        <style
          dangerouslySetInnerHTML={
            Object {
              "__html": ".css-14s5rfu-MuiFormLabel-root-MuiInputLabel-root{color:rgba(0, 0, 0, 0.6);font-family:\\"Roboto\\",\\"Helvetica\\",\\"Arial\\",sans-serif;font-weight:400;font-size:1rem;line-height:1.4375em;letter-spacing:0.00938em;padding:0;position:relative;display:block;transform-origin:top left;white-space:nowrap;overflow:hidden;text-overflow:ellipsis;max-width:calc(100% - 24px);position:absolute;left:0;top:0;-webkit-transform:translate(14px, 16px) scale(1);-moz-transform:translate(14px, 16px) scale(1);-ms-transform:translate(14px, 16px) scale(1);transform:translate(14px, 16px) scale(1);-webkit-transition:color 200ms cubic-bezier(0.0, 0, 0.2, 1) 0ms,-webkit-transform 200ms cubic-bezier(0.0, 0, 0.2, 1) 0ms,max-width 200ms cubic-bezier(0.0, 0, 0.2, 1) 0ms;transition:color 200ms cubic-bezier(0.0, 0, 0.2, 1) 0ms,transform 200ms cubic-bezier(0.0, 0, 0.2, 1) 0ms,max-width 200ms cubic-bezier(0.0, 0, 0.2, 1) 0ms;z-index:1;pointer-events:none;}.css-14s5rfu-MuiFormLabel-root-MuiInputLabel-root.Mui-focused{color:#1976d2;}.css-14s5rfu-MuiFormLabel-root-MuiInputLabel-root.Mui-disabled{color:rgba(0, 0, 0, 0.38);}.css-14s5rfu-MuiFormLabel-root-MuiInputLabel-root.Mui-error{color:#d32f2f;}",
            }
          }
          data-emotion="css 14s5rfu-MuiFormLabel-root-MuiInputLabel-root"
        />
        <label
          className="MuiInputLabel-root MuiInputLabel-formControl MuiInputLabel-animated MuiInputLabel-outlined MuiFormLabel-root MuiFormLabel-colorPrimary css-14s5rfu-MuiFormLabel-root-MuiInputLabel-root"
          data-shrink={false}
          htmlFor="player-search"
          id="player-search-label"
        >
          Player Search
        </label>
        <style
          dangerouslySetInnerHTML={
            Object {
              "__html": "@-webkit-keyframes mui-auto-fill{from{display:block;}}@keyframes mui-auto-fill{from{display:block;}}@-webkit-keyframes mui-auto-fill-cancel{from{display:block;}}@keyframes mui-auto-fill-cancel{from{display:block;}}",
            }
          }
          data-emotion="css-global 1prfaxn"
        />
        <style
          dangerouslySetInnerHTML={
            Object {
              "__html": ".css-154xyx0-MuiInputBase-root-MuiOutlinedInput-root{font-family:\\"Roboto\\",\\"Helvetica\\",\\"Arial\\",sans-serif;font-weight:400;font-size:1rem;line-height:1.4375em;letter-spacing:0.00938em;color:rgba(0, 0, 0, 0.87);box-sizing:border-box;position:relative;cursor:text;display:-webkit-inline-box;display:-webkit-inline-flex;display:-ms-inline-flexbox;display:inline-flex;-webkit-align-items:center;-webkit-box-align:center;-ms-flex-align:center;align-items:center;width:100%;position:relative;border-radius:4px;padding-right:14px;}.css-154xyx0-MuiInputBase-root-MuiOutlinedInput-root.Mui-disabled{color:rgba(0, 0, 0, 0.38);cursor:default;}.css-154xyx0-MuiInputBase-root-MuiOutlinedInput-root:hover .MuiOutlinedInput-notchedOutline{border-color:rgba(0, 0, 0, 0.87);}@media (hover: none){.css-154xyx0-MuiInputBase-root-MuiOutlinedInput-root:hover .MuiOutlinedInput-notchedOutline{border-color:rgba(0, 0, 0, 0.23);}}.css-154xyx0-MuiInputBase-root-MuiOutlinedInput-root.Mui-focused .MuiOutlinedInput-notchedOutline{border-color:#1976d2;border-width:2px;}.css-154xyx0-MuiInputBase-root-MuiOutlinedInput-root.Mui-error .MuiOutlinedInput-notchedOutline{border-color:#d32f2f;}.css-154xyx0-MuiInputBase-root-MuiOutlinedInput-root.Mui-disabled .MuiOutlinedInput-notchedOutline{border-color:rgba(0, 0, 0, 0.26);}",
            }
          }
          data-emotion="css 154xyx0-MuiInputBase-root-MuiOutlinedInput-root"
        />
        <div
          className="MuiOutlinedInput-root MuiInputBase-root MuiInputBase-colorPrimary MuiInputBase-fullWidth MuiInputBase-formControl MuiInputBase-adornedEnd MuiAutocomplete-inputRoot css-154xyx0-MuiInputBase-root-MuiOutlinedInput-root"
          onClick={[Function]}
        >
          <style
            dangerouslySetInnerHTML={
              Object {
                "__html": ".css-nxo287-MuiInputBase-input-MuiOutlinedInput-input{font:inherit;letter-spacing:inherit;color:currentColor;padding:4px 0 5px;border:0;box-sizing:content-box;background:none;height:1.4375em;margin:0;-webkit-tap-highlight-color:transparent;display:block;min-width:0;width:100%;-webkit-animation-name:mui-auto-fill-cancel;animation-name:mui-auto-fill-cancel;-webkit-animation-duration:10ms;animation-duration:10ms;padding:16.5px 14px;padding-right:0;}.css-nxo287-MuiInputBase-input-MuiOutlinedInput-input::-webkit-input-placeholder{color:currentColor;opacity:0.42;-webkit-transition:opacity 200ms cubic-bezier(0.4, 0, 0.2, 1) 0ms;transition:opacity 200ms cubic-bezier(0.4, 0, 0.2, 1) 0ms;}.css-nxo287-MuiInputBase-input-MuiOutlinedInput-input::-moz-placeholder{color:currentColor;opacity:0.42;-webkit-transition:opacity 200ms cubic-bezier(0.4, 0, 0.2, 1) 0ms;transition:opacity 200ms cubic-bezier(0.4, 0, 0.2, 1) 0ms;}.css-nxo287-MuiInputBase-input-MuiOutlinedInput-input:-ms-input-placeholder{color:currentColor;opacity:0.42;-webkit-transition:opacity 200ms cubic-bezier(0.4, 0, 0.2, 1) 0ms;transition:opacity 200ms cubic-bezier(0.4, 0, 0.2, 1) 0ms;}.css-nxo287-MuiInputBase-input-MuiOutlinedInput-input::-ms-input-placeholder{color:currentColor;opacity:0.42;-webkit-transition:opacity 200ms cubic-bezier(0.4, 0, 0.2, 1) 0ms;transition:opacity 200ms cubic-bezier(0.4, 0, 0.2, 1) 0ms;}.css-nxo287-MuiInputBase-input-MuiOutlinedInput-input:focus{outline:0;}.css-nxo287-MuiInputBase-input-MuiOutlinedInput-input:invalid{box-shadow:none;}.css-nxo287-MuiInputBase-input-MuiOutlinedInput-input::-webkit-search-decoration{-webkit-appearance:none;}label[data-shrink=false]+.MuiInputBase-formControl .css-nxo287-MuiInputBase-input-MuiOutlinedInput-input::-webkit-input-placeholder{opacity:0!important;}label[data-shrink=false]+.MuiInputBase-formControl .css-nxo287-MuiInputBase-input-MuiOutlinedInput-input::-moz-placeholder{opacity:0!important;}label[data-shrink=false]+.MuiInputBase-formControl .css-nxo287-MuiInputBase-input-MuiOutlinedInput-input:-ms-input-placeholder{opacity:0!important;}label[data-shrink=false]+.MuiInputBase-formControl .css-nxo287-MuiInputBase-input-MuiOutlinedInput-input::-ms-input-placeholder{opacity:0!important;}label[data-shrink=false]+.MuiInputBase-formControl .css-nxo287-MuiInputBase-input-MuiOutlinedInput-input:focus::-webkit-input-placeholder{opacity:0.42;}label[data-shrink=false]+.MuiInputBase-formControl .css-nxo287-MuiInputBase-input-MuiOutlinedInput-input:focus::-moz-placeholder{opacity:0.42;}label[data-shrink=false]+.MuiInputBase-formControl .css-nxo287-MuiInputBase-input-MuiOutlinedInput-input:focus:-ms-input-placeholder{opacity:0.42;}label[data-shrink=false]+.MuiInputBase-formControl .css-nxo287-MuiInputBase-input-MuiOutlinedInput-input:focus::-ms-input-placeholder{opacity:0.42;}.css-nxo287-MuiInputBase-input-MuiOutlinedInput-input.Mui-disabled{opacity:1;-webkit-text-fill-color:rgba(0, 0, 0, 0.38);}.css-nxo287-MuiInputBase-input-MuiOutlinedInput-input:-webkit-autofill{-webkit-animation-duration:5000s;animation-duration:5000s;-webkit-animation-name:mui-auto-fill;animation-name:mui-auto-fill;}.css-nxo287-MuiInputBase-input-MuiOutlinedInput-input:-webkit-autofill{border-radius:inherit;}",
              }
            }
            data-emotion="css nxo287-MuiInputBase-input-MuiOutlinedInput-input"
          />
          <input
            aria-activedescendant={null}
            aria-autocomplete="list"
            aria-controls={null}
            aria-invalid={false}
            autoCapitalize="none"
            autoComplete="off"
            autoFocus={false}
            className="MuiOutlinedInput-input MuiInputBase-input MuiInputBase-inputAdornedEnd MuiAutocomplete-input MuiAutocomplete-inputFocused css-nxo287-MuiInputBase-input-MuiOutlinedInput-input"
            disabled={false}
            id="player-search"
            onAnimationStart={[Function]}
            onBlur={[Function]}
            onChange={[Function]}
            onFocus={[Function]}
            onMouseDown={[Function]}
            required={false}
            spellCheck="false"
            type="text"
            value=""
          />
          <style
            dangerouslySetInnerHTML={
              Object {
                "__html": ".css-1q60rmi-MuiAutocomplete-endAdornment{position:absolute;right:0;top:calc(50% - 14px);}",
              }
            }
            data-emotion="css 1q60rmi-MuiAutocomplete-endAdornment"
          />
          <div
            className="MuiAutocomplete-endAdornment css-1q60rmi-MuiAutocomplete-endAdornment"
          >
            <style
              dangerouslySetInnerHTML={
                Object {
                  "__html": ".css-15qn6cx-MuiAutocomplete-popupIndicator{padding:2px;margin-right:-2px;}",
                }
              }
              data-emotion="css 15qn6cx-MuiAutocomplete-popupIndicator"
            />
            <style
              dangerouslySetInnerHTML={
                Object {
                  "__html": ".css-8vuumc-MuiIconButton-root-MuiAutocomplete-popupIndicator{text-align:center;-webkit-flex:0 0 auto;-ms-flex:0 0 auto;flex:0 0 auto;font-size:1.5rem;padding:8px;border-radius:50%;overflow:visible;color:rgba(0, 0, 0, 0.54);-webkit-transition:background-color 150ms cubic-bezier(0.4, 0, 0.2, 1) 0ms;transition:background-color 150ms cubic-bezier(0.4, 0, 0.2, 1) 0ms;padding:2px;margin-right:-2px;}.css-8vuumc-MuiIconButton-root-MuiAutocomplete-popupIndicator:hover{background-color:rgba(0, 0, 0, 0.04);}@media (hover: none){.css-8vuumc-MuiIconButton-root-MuiAutocomplete-popupIndicator:hover{background-color:transparent;}}.css-8vuumc-MuiIconButton-root-MuiAutocomplete-popupIndicator.Mui-disabled{background-color:transparent;color:rgba(0, 0, 0, 0.26);}",
                }
              }
              data-emotion="css 8vuumc-MuiIconButton-root-MuiAutocomplete-popupIndicator"
            />
            <style
              dangerouslySetInnerHTML={
                Object {
                  "__html": ".css-qzbt6i-MuiButtonBase-root-MuiIconButton-root-MuiAutocomplete-popupIndicator{display:-webkit-inline-box;display:-webkit-inline-flex;display:-ms-inline-flexbox;display:inline-flex;-webkit-align-items:center;-webkit-box-align:center;-ms-flex-align:center;align-items:center;-webkit-box-pack:center;-ms-flex-pack:center;-webkit-justify-content:center;justify-content:center;position:relative;box-sizing:border-box;-webkit-tap-highlight-color:transparent;background-color:transparent;outline:0;border:0;margin:0;border-radius:0;padding:0;cursor:pointer;-webkit-user-select:none;-moz-user-select:none;-ms-user-select:none;user-select:none;vertical-align:middle;-moz-appearance:none;-webkit-appearance:none;-webkit-text-decoration:none;text-decoration:none;color:inherit;text-align:center;-webkit-flex:0 0 auto;-ms-flex:0 0 auto;flex:0 0 auto;font-size:1.5rem;padding:8px;border-radius:50%;overflow:visible;color:rgba(0, 0, 0, 0.54);-webkit-transition:background-color 150ms cubic-bezier(0.4, 0, 0.2, 1) 0ms;transition:background-color 150ms cubic-bezier(0.4, 0, 0.2, 1) 0ms;padding:2px;margin-right:-2px;}.css-qzbt6i-MuiButtonBase-root-MuiIconButton-root-MuiAutocomplete-popupIndicator::-moz-focus-inner{border-style:none;}.css-qzbt6i-MuiButtonBase-root-MuiIconButton-root-MuiAutocomplete-popupIndicator.Mui-disabled{pointer-events:none;cursor:default;}@media print{.css-qzbt6i-MuiButtonBase-root-MuiIconButton-root-MuiAutocomplete-popupIndicator{-webkit-print-color-adjust:exact;color-adjust:exact;}}.css-qzbt6i-MuiButtonBase-root-MuiIconButton-root-MuiAutocomplete-popupIndicator:hover{background-color:rgba(0, 0, 0, 0.04);}@media (hover: none){.css-qzbt6i-MuiButtonBase-root-MuiIconButton-root-MuiAutocomplete-popupIndicator:hover{background-color:transparent;}}.css-qzbt6i-MuiButtonBase-root-MuiIconButton-root-MuiAutocomplete-popupIndicator.Mui-disabled{background-color:transparent;color:rgba(0, 0, 0, 0.26);}",
                }
              }
              data-emotion="css qzbt6i-MuiButtonBase-root-MuiIconButton-root-MuiAutocomplete-popupIndicator"
            />
            <button
              aria-label="Open"
              className="MuiButtonBase-root MuiIconButton-root MuiIconButton-sizeMedium MuiAutocomplete-popupIndicator css-qzbt6i-MuiButtonBase-root-MuiIconButton-root-MuiAutocomplete-popupIndicator"
              disabled={false}
              onBlur={[Function]}
              onClick={[Function]}
              onContextMenu={[Function]}
              onDragLeave={[Function]}
              onFocus={[Function]}
              onKeyDown={[Function]}
              onKeyUp={[Function]}
              onMouseDown={[Function]}
              onMouseLeave={[Function]}
              onMouseUp={[Function]}
              onTouchEnd={[Function]}
              onTouchMove={[Function]}
              onTouchStart={[Function]}
              tabIndex={-1}
              title="Open"
              type="button"
            >
              <style
                dangerouslySetInnerHTML={
                  Object {
                    "__html": ".css-i4bv87-MuiSvgIcon-root{-webkit-user-select:none;-moz-user-select:none;-ms-user-select:none;user-select:none;width:1em;height:1em;display:inline-block;fill:currentColor;-webkit-flex-shrink:0;-ms-flex-negative:0;flex-shrink:0;-webkit-transition:fill 200ms cubic-bezier(0.4, 0, 0.2, 1) 0ms;transition:fill 200ms cubic-bezier(0.4, 0, 0.2, 1) 0ms;font-size:1.5rem;}",
                  }
                }
                data-emotion="css i4bv87-MuiSvgIcon-root"
              />
              <svg
                aria-hidden={true}
                className="MuiSvgIcon-root MuiSvgIcon-fontSizeMedium css-i4bv87-MuiSvgIcon-root"
                data-testid="ArrowDropDownIcon"
                focusable="false"
                viewBox="0 0 24 24"
              >
                <path
                  d="M7 10l5 5 5-5z"
                />
              </svg>
            </button>
          </div>
          <style
            dangerouslySetInnerHTML={
              Object {
                "__html": ".css-rki20w-MuiOutlinedInput-notchedOutline{border-color:rgba(0, 0, 0, 0.23);}",
              }
            }
            data-emotion="css rki20w-MuiOutlinedInput-notchedOutline"
          />
          <style
            dangerouslySetInnerHTML={
              Object {
                "__html": ".css-1d3z3hw-MuiOutlinedInput-notchedOutline{text-align:left;position:absolute;bottom:0;right:0;top:-5px;left:0;margin:0;padding:0 8px;pointer-events:none;border-radius:inherit;border-style:solid;border-width:1px;overflow:hidden;min-width:0%;border-color:rgba(0, 0, 0, 0.23);}",
              }
            }
            data-emotion="css 1d3z3hw-MuiOutlinedInput-notchedOutline"
          />
          <fieldset
            aria-hidden={true}
            className="MuiOutlinedInput-notchedOutline css-1d3z3hw-MuiOutlinedInput-notchedOutline"
          >
            <style
              dangerouslySetInnerHTML={
                Object {
                  "__html": ".css-173wfxe{float:unset;display:block;width:auto;padding:0;height:11px;font-size:0.75em;visibility:hidden;max-width:0.01px;-webkit-transition:max-width 50ms cubic-bezier(0.0, 0, 0.2, 1) 0ms;transition:max-width 50ms cubic-bezier(0.0, 0, 0.2, 1) 0ms;white-space:nowrap;}.css-173wfxe>span{padding-left:5px;padding-right:5px;display:inline-block;}",
                }
              }
              data-emotion="css 173wfxe"
            />
            <legend
              className="css-173wfxe"
            >
              <span>
                Player Search
              </span>
            </legend>
          </fieldset>
        </div>
      </div>
    </div>
    <div />
  </main>
</div>
`;
